// Jest Snapshot v1, https://goo.gl/fbAQLP

exports[`matches snapshot 1`] = `
<DocumentFragment>
  <div
    class="card mt-3"
  >
    <div
      class="card-body"
    >
      <h3>
        Garfield1 the Dog
      </h3>
      <img
        alt="pet"
        class="mt-2 img-fluid"
        src="/static/media/dog.4b90f018c1cda3590605.jpeg"
      />
      <div
        class="container mt-3"
      >
        <button
          class="btn btn-sm btn-primary"
        >
          Edit
        </button>
        <button
          class="btn btn-sm btn-danger ms-2"
        >
          <data
            value="23"
          />
          Delete
        </button>
      </div>
    </div>
  </div>
</DocumentFragment>
`;
