// Jest Snapshot v1, https://goo.gl/fbAQLP

exports[`matches snapshot 1`] = `
<DocumentFragment>
  <div
    class="card mt-3"
  >
    <div
      class="card-body"
    >
      <h3>
        Pet Owner
      </h3>
      <div
        class="container mt-3"
      >
        <button
          class="btn btn-sm btn-primary"
        >
          Edit
        </button>
        <button
          class="btn btn-sm btn-danger ms-2"
        >
          <data
            value="2"
          />
          Delete
        </button>
      </div>
    </div>
  </div>
</DocumentFragment>
`;
